<?xml version="1.0" encoding="ISO-8859-1" ?>
<link_info>
   <banner>TI ARM Linker PC v20.2.0.LTS</banner>
   <copyright>Copyright (c) 1996-2018 Texas Instruments Incorporated</copyright>
   <link_time>0x5ef59243</link_time>
   <link_errors>0x0</link_errors>
   <output_file>FreeRTOS_1294XL_demo.out</output_file>
   <entry_point>
      <name>_c_int00_noargs</name>
      <address>0x80ed</address>
   </entry_point>
   <input_file_list>
      <input_file id="fl-2">
         <path>.\</path>
         <kind>object</kind>
         <file>main.obj</file>
         <name>main.obj</name>
      </input_file>
      <input_file id="fl-3">
         <path>.\</path>
         <kind>object</kind>
         <file>tm4c1294ncpdt_startup_ccs.obj</file>
         <name>tm4c1294ncpdt_startup_ccs.obj</name>
      </input_file>
      <input_file id="fl-4">
         <path>.\FreeRTOS\</path>
         <kind>object</kind>
         <file>croutine.obj</file>
         <name>croutine.obj</name>
      </input_file>
      <input_file id="fl-5">
         <path>.\FreeRTOS\</path>
         <kind>object</kind>
         <file>event_groups.obj</file>
         <name>event_groups.obj</name>
      </input_file>
      <input_file id="fl-6">
         <path>.\FreeRTOS\</path>
         <kind>object</kind>
         <file>list.obj</file>
         <name>list.obj</name>
      </input_file>
      <input_file id="fl-7">
         <path>.\FreeRTOS\</path>
         <kind>object</kind>
         <file>queue.obj</file>
         <name>queue.obj</name>
      </input_file>
      <input_file id="fl-8">
         <path>.\FreeRTOS\</path>
         <kind>object</kind>
         <file>stream_buffer.obj</file>
         <name>stream_buffer.obj</name>
      </input_file>
      <input_file id="fl-9">
         <path>.\FreeRTOS\</path>
         <kind>object</kind>
         <file>tasks.obj</file>
         <name>tasks.obj</name>
      </input_file>
      <input_file id="fl-a">
         <path>.\FreeRTOS\</path>
         <kind>object</kind>
         <file>timers.obj</file>
         <name>timers.obj</name>
      </input_file>
      <input_file id="fl-b">
         <path>.\FreeRTOS\portable\CCS\ARM_CM4F\</path>
         <kind>object</kind>
         <file>port.obj</file>
         <name>port.obj</name>
      </input_file>
      <input_file id="fl-c">
         <path>.\FreeRTOS\portable\CCS\ARM_CM4F\</path>
         <kind>object</kind>
         <file>portasm.obj</file>
         <name>portasm.obj</name>
      </input_file>
      <input_file id="fl-d">
         <path>.\FreeRTOS\portable\MemMang\</path>
         <kind>object</kind>
         <file>heap_4.obj</file>
         <name>heap_4.obj</name>
      </input_file>
      <input_file id="fl-e">
         <path>.\FreeRTOS-Utils\</path>
         <kind>object</kind>
         <file>frtosButtons.obj</file>
         <name>frtosButtons.obj</name>
      </input_file>
      <input_file id="fl-f">
         <path>.\FreeRTOS-Utils\</path>
         <kind>object</kind>
         <file>frtosUART.obj</file>
         <name>frtosUART.obj</name>
      </input_file>
      <input_file id="fl-10">
         <path>.\FreeRTOS-Utils\</path>
         <kind>object</kind>
         <file>frtosUARTstdio.obj</file>
         <name>frtosUARTstdio.obj</name>
      </input_file>
      <input_file id="fl-11">
         <path>.\TivaWare\driverlib\</path>
         <kind>object</kind>
         <file>adc.obj</file>
         <name>adc.obj</name>
      </input_file>
      <input_file id="fl-12">
         <path>.\TivaWare\driverlib\</path>
         <kind>object</kind>
         <file>aes.obj</file>
         <name>aes.obj</name>
      </input_file>
      <input_file id="fl-13">
         <path>.\TivaWare\driverlib\</path>
         <kind>object</kind>
         <file>can.obj</file>
         <name>can.obj</name>
      </input_file>
      <input_file id="fl-14">
         <path>.\TivaWare\driverlib\</path>
         <kind>object</kind>
         <file>comp.obj</file>
         <name>comp.obj</name>
      </input_file>
      <input_file id="fl-15">
         <path>.\TivaWare\driverlib\</path>
         <kind>object</kind>
         <file>cpu.obj</file>
         <name>cpu.obj</name>
      </input_file>
      <input_file id="fl-16">
         <path>.\TivaWare\driverlib\</path>
         <kind>object</kind>
         <file>crc.obj</file>
         <name>crc.obj</name>
      </input_file>
      <input_file id="fl-17">
         <path>.\TivaWare\driverlib\</path>
         <kind>object</kind>
         <file>des.obj</file>
         <name>des.obj</name>
      </input_file>
      <input_file id="fl-18">
         <path>.\TivaWare\driverlib\</path>
         <kind>object</kind>
         <file>eeprom.obj</file>
         <name>eeprom.obj</name>
      </input_file>
      <input_file id="fl-19">
         <path>.\TivaWare\driverlib\</path>
         <kind>object</kind>
         <file>emac.obj</file>
         <name>emac.obj</name>
      </input_file>
      <input_file id="fl-1a">
         <path>.\TivaWare\driverlib\</path>
         <kind>object</kind>
         <file>epi.obj</file>
         <name>epi.obj</name>
      </input_file>
      <input_file id="fl-1b">
         <path>.\TivaWare\driverlib\</path>
         <kind>object</kind>
         <file>epi_workaround_ccs.obj</file>
         <name>epi_workaround_ccs.obj</name>
      </input_file>
      <input_file id="fl-1c">
         <path>.\TivaWare\driverlib\</path>
         <kind>object</kind>
         <file>flash.obj</file>
         <name>flash.obj</name>
      </input_file>
      <input_file id="fl-1d">
         <path>.\TivaWare\driverlib\</path>
         <kind>object</kind>
         <file>fpu.obj</file>
         <name>fpu.obj</name>
      </input_file>
      <input_file id="fl-1e">
         <path>.\TivaWare\driverlib\</path>
         <kind>object</kind>
         <file>gpio.obj</file>
         <name>gpio.obj</name>
      </input_file>
      <input_file id="fl-1f">
         <path>.\TivaWare\driverlib\</path>
         <kind>object</kind>
         <file>hibernate.obj</file>
         <name>hibernate.obj</name>
      </input_file>
      <input_file id="fl-20">
         <path>.\TivaWare\driverlib\</path>
         <kind>object</kind>
         <file>i2c.obj</file>
         <name>i2c.obj</name>
      </input_file>
      <input_file id="fl-21">
         <path>.\TivaWare\driverlib\</path>
         <kind>object</kind>
         <file>interrupt.obj</file>
         <name>interrupt.obj</name>
      </input_file>
      <input_file id="fl-22">
         <path>.\TivaWare\driverlib\</path>
         <kind>object</kind>
         <file>lcd.obj</file>
         <name>lcd.obj</name>
      </input_file>
      <input_file id="fl-23">
         <path>.\TivaWare\driverlib\</path>
         <kind>object</kind>
         <file>mpu.obj</file>
         <name>mpu.obj</name>
      </input_file>
      <input_file id="fl-24">
         <path>.\TivaWare\driverlib\</path>
         <kind>object</kind>
         <file>onewire.obj</file>
         <name>onewire.obj</name>
      </input_file>
      <input_file id="fl-25">
         <path>.\TivaWare\driverlib\</path>
         <kind>object</kind>
         <file>pwm.obj</file>
         <name>pwm.obj</name>
      </input_file>
      <input_file id="fl-26">
         <path>.\TivaWare\driverlib\</path>
         <kind>object</kind>
         <file>qei.obj</file>
         <name>qei.obj</name>
      </input_file>
      <input_file id="fl-27">
         <path>.\TivaWare\driverlib\</path>
         <kind>object</kind>
         <file>shamd5.obj</file>
         <name>shamd5.obj</name>
      </input_file>
      <input_file id="fl-28">
         <path>.\TivaWare\driverlib\</path>
         <kind>object</kind>
         <file>ssi.obj</file>
         <name>ssi.obj</name>
      </input_file>
      <input_file id="fl-29">
         <path>.\TivaWare\driverlib\</path>
         <kind>object</kind>
         <file>sw_crc.obj</file>
         <name>sw_crc.obj</name>
      </input_file>
      <input_file id="fl-2a">
         <path>.\TivaWare\driverlib\</path>
         <kind>object</kind>
         <file>sysctl.obj</file>
         <name>sysctl.obj</name>
      </input_file>
      <input_file id="fl-2b">
         <path>.\TivaWare\driverlib\</path>
         <kind>object</kind>
         <file>sysexc.obj</file>
         <name>sysexc.obj</name>
      </input_file>
      <input_file id="fl-2c">
         <path>.\TivaWare\driverlib\</path>
         <kind>object</kind>
         <file>systick.obj</file>
         <name>systick.obj</name>
      </input_file>
      <input_file id="fl-2d">
         <path>.\TivaWare\driverlib\</path>
         <kind>object</kind>
         <file>timer.obj</file>
         <name>timer.obj</name>
      </input_file>
      <input_file id="fl-2e">
         <path>.\TivaWare\driverlib\</path>
         <kind>object</kind>
         <file>uart.obj</file>
         <name>uart.obj</name>
      </input_file>
      <input_file id="fl-2f">
         <path>.\TivaWare\driverlib\</path>
         <kind>object</kind>
         <file>udma.obj</file>
         <name>udma.obj</name>
      </input_file>
      <input_file id="fl-30">
         <path>.\TivaWare\driverlib\</path>
         <kind>object</kind>
         <file>usb.obj</file>
         <name>usb.obj</name>
      </input_file>
      <input_file id="fl-31">
         <path>.\TivaWare\driverlib\</path>
         <kind>object</kind>
         <file>watchdog.obj</file>
         <name>watchdog.obj</name>
      </input_file>
      <input_file id="fl-32">
         <path>.\drivers\</path>
         <kind>object</kind>
         <file>boardpins.obj</file>
         <name>boardpins.obj</name>
      </input_file>
      <input_file id="fl-33">
         <path>.\drivers\</path>
         <kind>object</kind>
         <file>buttons.obj</file>
         <name>buttons.obj</name>
      </input_file>
      <input_file id="fl-34">
         <path>.\drivers\</path>
         <kind>object</kind>
         <file>leds.obj</file>
         <name>leds.obj</name>
      </input_file>
      <input_file id="fl-35">
         <path>.\drivers\</path>
         <kind>object</kind>
         <file>sysinit.obj</file>
         <name>sysinit.obj</name>
      </input_file>
      <input_file id="fl-36">
         <path>.\drivers\</path>
         <kind>object</kind>
         <file>uart.obj</file>
         <name>uart.obj</name>
      </input_file>
      <input_file id="fl-37">
         <path>.\utils\</path>
         <kind>object</kind>
         <file>uartstdio.obj</file>
         <name>uartstdio.obj</name>
      </input_file>
      <input_file id="fl-3d">
         <kind>object</kind>
         <file>&lt;internal&gt;</file>
         <name>&lt;internal&gt;</name>
      </input_file>
      <input_file id="fl-f3">
         <path>W:\Development\TI\CCS\ccs\tools\compiler\ti-cgt-arm_20.2.0.LTS\lib\</path>
         <kind>archive</kind>
         <file>rtsv7M4_T_le_v4SPD16_eabi.lib</file>
         <name>memcpy_t2.asm.obj</name>
      </input_file>
      <input_file id="fl-f4">
         <path>W:\Development\TI\CCS\ccs\tools\compiler\ti-cgt-arm_20.2.0.LTS\lib\</path>
         <kind>archive</kind>
         <file>rtsv7M4_T_le_v4SPD16_eabi.lib</file>
         <name>memset_t2.asm.obj</name>
      </input_file>
      <input_file id="fl-f5">
         <path>W:\Development\TI\CCS\ccs\tools\compiler\ti-cgt-arm_20.2.0.LTS\lib\</path>
         <kind>archive</kind>
         <file>rtsv7M4_T_le_v4SPD16_eabi.lib</file>
         <name>u_divt2.asm.obj</name>
      </input_file>
      <input_file id="fl-f6">
         <path>W:\Development\TI\CCS\ccs\tools\compiler\ti-cgt-arm_20.2.0.LTS\lib\</path>
         <kind>archive</kind>
         <file>rtsv7M4_T_le_v4SPD16_eabi.lib</file>
         <name>copy_zero_init.c.obj</name>
      </input_file>
      <input_file id="fl-f7">
         <path>W:\Development\TI\CCS\ccs\tools\compiler\ti-cgt-arm_20.2.0.LTS\lib\</path>
         <kind>archive</kind>
         <file>rtsv7M4_T_le_v4SPD16_eabi.lib</file>
         <name>copy_decompress_none.c.obj</name>
      </input_file>
      <input_file id="fl-f8">
         <path>W:\Development\TI\CCS\ccs\tools\compiler\ti-cgt-arm_20.2.0.LTS\lib\</path>
         <kind>archive</kind>
         <file>rtsv7M4_T_le_v4SPD16_eabi.lib</file>
         <name>copy_decompress_lzss.c.obj</name>
      </input_file>
      <input_file id="fl-f9">
         <path>W:\Development\TI\CCS\ccs\tools\compiler\ti-cgt-arm_20.2.0.LTS\lib\</path>
         <kind>archive</kind>
         <file>rtsv7M4_T_le_v4SPD16_eabi.lib</file>
         <name>boot_cortex_m.c.obj</name>
      </input_file>
      <input_file id="fl-fa">
         <path>W:\Development\TI\CCS\ccs\tools\compiler\ti-cgt-arm_20.2.0.LTS\lib\</path>
         <kind>archive</kind>
         <file>rtsv7M4_T_le_v4SPD16_eabi.lib</file>
         <name>div0.asm.obj</name>
      </input_file>
      <input_file id="fl-fb">
         <path>W:\Development\TI\CCS\ccs\tools\compiler\ti-cgt-arm_20.2.0.LTS\lib\</path>
         <kind>archive</kind>
         <file>rtsv7M4_T_le_v4SPD16_eabi.lib</file>
         <name>autoinit.c.obj</name>
      </input_file>
      <input_file id="fl-fc">
         <path>W:\Development\TI\CCS\ccs\tools\compiler\ti-cgt-arm_20.2.0.LTS\lib\</path>
         <kind>archive</kind>
         <file>rtsv7M4_T_le_v4SPD16_eabi.lib</file>
         <name>pre_init.c.obj</name>
      </input_file>
      <input_file id="fl-fd">
         <path>W:\Development\TI\CCS\ccs\tools\compiler\ti-cgt-arm_20.2.0.LTS\lib\</path>
         <kind>archive</kind>
         <file>rtsv7M4_T_le_v4SPD16_eabi.lib</file>
         <name>cpy_tbl.c.obj</name>
      </input_file>
      <input_file id="fl-fe">
         <path>W:\Development\TI\CCS\ccs\tools\compiler\ti-cgt-arm_20.2.0.LTS\lib\</path>
         <kind>archive</kind>
         <file>rtsv7M4_T_le_v4SPD16_eabi.lib</file>
         <name>exit.c.obj</name>
      </input_file>
      <input_file id="fl-ff">
         <path>W:\Development\TI\CCS\ccs\tools\compiler\ti-cgt-arm_20.2.0.LTS\lib\</path>
         <kind>archive</kind>
         <file>rtsv7M4_T_le_v4SPD16_eabi.lib</file>
         <name>_lock.c.obj</name>
      </input_file>
      <input_file id="fl-100">
         <path>W:\Development\TI\CCS\ccs\tools\compiler\ti-cgt-arm_20.2.0.LTS\lib\</path>
         <kind>archive</kind>
         <file>rtsv7M4_T_le_v4SPD16_eabi.lib</file>
         <name>args_main.c.obj</name>
      </input_file>
   </input_file_list>
   <object_component_list>
      <object_component id="oc-12">
         <name>.intvecs</name>
         <load_address>0x0</load_address>
         <run_address>0x0</run_address>
         <size>0x208</size>
         <input_file_ref idref="fl-3"/>
      </object_component>
      <object_component id="oc-85">
         <name>.text</name>
         <load_address>0x208</load_address>
         <run_address>0x208</run_address>
         <size>0x191c</size>
         <input_file_ref idref="fl-9"/>
      </object_component>
      <object_component id="oc-13c">
         <name>.text</name>
         <load_address>0x1b24</load_address>
         <run_address>0x1b24</run_address>
         <size>0x1690</size>
         <input_file_ref idref="fl-2a"/>
      </object_component>
      <object_component id="oc-142">
         <name>.text</name>
         <load_address>0x31b4</load_address>
         <run_address>0x31b4</run_address>
         <size>0x1290</size>
         <input_file_ref idref="fl-1e"/>
      </object_component>
      <object_component id="oc-1ef">
         <name>.text</name>
         <load_address>0x4444</load_address>
         <run_address>0x4444</run_address>
         <size>0xd20</size>
         <input_file_ref idref="fl-7"/>
      </object_component>
      <object_component id="oc-25c">
         <name>.text</name>
         <load_address>0x5164</load_address>
         <run_address>0x5164</run_address>
         <size>0xb14</size>
         <input_file_ref idref="fl-2e"/>
      </object_component>
      <object_component id="oc-11c">
         <name>.text</name>
         <load_address>0x5c78</load_address>
         <run_address>0x5c78</run_address>
         <size>0x6f0</size>
         <input_file_ref idref="fl-a"/>
      </object_component>
      <object_component id="oc-15c">
         <name>.text</name>
         <load_address>0x6368</load_address>
         <run_address>0x6368</run_address>
         <size>0x660</size>
         <input_file_ref idref="fl-10"/>
      </object_component>
      <object_component id="oc-218">
         <name>.text</name>
         <load_address>0x69c8</load_address>
         <run_address>0x69c8</run_address>
         <size>0x498</size>
         <input_file_ref idref="fl-21"/>
      </object_component>
      <object_component id="oc-a1">
         <name>.text</name>
         <load_address>0x6e60</load_address>
         <run_address>0x6e60</run_address>
         <size>0x408</size>
         <input_file_ref idref="fl-5"/>
      </object_component>
      <object_component id="oc-104">
         <name>.text</name>
         <load_address>0x7268</load_address>
         <run_address>0x7268</run_address>
         <size>0x378</size>
         <input_file_ref idref="fl-d"/>
      </object_component>
      <object_component id="oc-38">
         <name>.text</name>
         <load_address>0x75e0</load_address>
         <run_address>0x75e0</run_address>
         <size>0x178</size>
         <input_file_ref idref="fl-e"/>
      </object_component>
      <object_component id="oc-156">
         <name>.text</name>
         <load_address>0x7758</load_address>
         <run_address>0x7758</run_address>
         <size>0x13c</size>
         <input_file_ref idref="fl-34"/>
      </object_component>
      <object_component id="oc-32">
         <name>.text</name>
         <load_address>0x7894</load_address>
         <run_address>0x7894</run_address>
         <size>0x13c</size>
         <input_file_ref idref="fl-b"/>
      </object_component>
      <object_component id="oc-10a">
         <name>.text</name>
         <load_address>0x79d0</load_address>
         <run_address>0x79d0</run_address>
         <size>0x12a</size>
         <input_file_ref idref="fl-6"/>
      </object_component>
      <object_component id="oc-32b">
         <name>.text</name>
         <load_address>0x7afa</load_address>
         <run_address>0x7afa</run_address>
         <size>0x2</size>
         <input_file_ref idref="fl-fa"/>
      </object_component>
      <object_component id="oc-a7">
         <name>.text</name>
         <load_address>0x7afc</load_address>
         <run_address>0x7afc</run_address>
         <size>0x100</size>
         <input_file_ref idref="fl-2"/>
      </object_component>
      <object_component id="oc-9b">
         <name>.text</name>
         <load_address>0x7bfc</load_address>
         <run_address>0x7bfc</run_address>
         <size>0xf0</size>
         <input_file_ref idref="fl-33"/>
      </object_component>
      <object_component id="oc-2d">
         <name>.text</name>
         <load_address>0x7cec</load_address>
         <run_address>0x7cec</run_address>
         <size>0xda</size>
         <input_file_ref idref="fl-c"/>
      </object_component>
      <object_component id="oc-4c">
         <name>.text</name>
         <load_address>0x7dc6</load_address>
         <run_address>0x7dc6</run_address>
         <size>0x9c</size>
         <input_file_ref idref="fl-f3"/>
      </object_component>
      <object_component id="oc-256">
         <name>.text</name>
         <load_address>0x7e64</load_address>
         <run_address>0x7e64</run_address>
         <size>0x98</size>
         <input_file_ref idref="fl-32"/>
      </object_component>
      <object_component id="oc-e2">
         <name>.text</name>
         <load_address>0x7efc</load_address>
         <run_address>0x7efc</run_address>
         <size>0x7a</size>
         <input_file_ref idref="fl-f4"/>
      </object_component>
      <object_component id="oc-15">
         <name>.text:decompress:lzss:__TI_decompress_lzss</name>
         <load_address>0x7f76</load_address>
         <run_address>0x7f76</run_address>
         <size>0x68</size>
         <input_file_ref idref="fl-f8"/>
      </object_component>
      <object_component id="oc-162">
         <name>.text</name>
         <load_address>0x7fe0</load_address>
         <run_address>0x7fe0</run_address>
         <size>0x48</size>
         <input_file_ref idref="fl-35"/>
      </object_component>
      <object_component id="oc-197">
         <name>.text:__TI_auto_init_nobinit_nopinit:__TI_auto_init_nobinit_nopinit</name>
         <load_address>0x8028</load_address>
         <run_address>0x8028</run_address>
         <size>0x44</size>
         <input_file_ref idref="fl-fb"/>
      </object_component>
      <object_component id="oc-26b">
         <name>.text</name>
         <load_address>0x806c</load_address>
         <run_address>0x806c</run_address>
         <size>0x40</size>
         <input_file_ref idref="fl-f5"/>
      </object_component>
      <object_component id="oc-21e">
         <name>.text</name>
         <load_address>0x80ac</load_address>
         <run_address>0x80ac</run_address>
         <size>0x3e</size>
         <input_file_ref idref="fl-15"/>
      </object_component>
      <object_component id="oc-6a">
         <name>.text:_c_int00_noargs:_c_int00_noargs</name>
         <load_address>0x80ec</load_address>
         <run_address>0x80ec</run_address>
         <size>0x34</size>
         <input_file_ref idref="fl-f9"/>
      </object_component>
      <object_component id="oc-1b">
         <name>.text:decompress:none:__TI_decompress_none</name>
         <load_address>0x8120</load_address>
         <run_address>0x8120</run_address>
         <size>0xe</size>
         <input_file_ref idref="fl-f7"/>
      </object_component>
      <object_component id="oc-5e">
         <name>.text:decompress:ZI:__TI_zero_init</name>
         <load_address>0x812e</load_address>
         <run_address>0x812e</run_address>
         <size>0xc</size>
         <input_file_ref idref="fl-f6"/>
      </object_component>
      <object_component id="oc-27">
         <name>.text</name>
         <load_address>0x813a</load_address>
         <run_address>0x813a</run_address>
         <size>0xc</size>
         <input_file_ref idref="fl-3"/>
      </object_component>
      <object_component id="oc-22d">
         <name>.text:SysCtlDelay</name>
         <load_address>0x8146</load_address>
         <run_address>0x8146</run_address>
         <size>0x6</size>
         <input_file_ref idref="fl-2a"/>
      </object_component>
      <object_component id="oc-e8">
         <name>.text:_system_pre_init</name>
         <load_address>0x814c</load_address>
         <run_address>0x814c</run_address>
         <size>0x4</size>
         <input_file_ref idref="fl-fc"/>
      </object_component>
      <object_component id="oc-18b">
         <name>.text:abort:abort</name>
         <load_address>0x8150</load_address>
         <run_address>0x8150</run_address>
         <size>0x4</size>
         <input_file_ref idref="fl-fe"/>
      </object_component>
      <object_component id="oc-22a">
         <name>.const:g_pppui32XTALtoVCO</name>
         <load_address>0x8154</load_address>
         <run_address>0x8154</run_address>
         <size>0x1b0</size>
         <input_file_ref idref="fl-2a"/>
      </object_component>
      <object_component id="oc-238">
         <name>.const:g_ppui32GPIOIntMapSnowflake</name>
         <load_address>0x8304</load_address>
         <run_address>0x8304</run_address>
         <size>0xd8</size>
         <input_file_ref idref="fl-1e"/>
      </object_component>
      <object_component id="oc-235">
         <name>.const:g_ppui32GPIOIntMapBlizzard</name>
         <load_address>0x83dc</load_address>
         <run_address>0x83dc</run_address>
         <size>0xc0</size>
         <input_file_ref idref="fl-1e"/>
      </object_component>
      <object_component id="oc-2d1">
         <name>.const:g_pui32Regs</name>
         <load_address>0x849c</load_address>
         <run_address>0x849c</run_address>
         <size>0x9c</size>
         <input_file_ref idref="fl-21"/>
      </object_component>
      <object_component id="oc-23b">
         <name>.const:g_pui32GPIOBaseAddrs</name>
         <load_address>0x8538</load_address>
         <run_address>0x8538</run_address>
         <size>0x90</size>
         <input_file_ref idref="fl-1e"/>
      </object_component>
      <object_component id="oc-224">
         <name>.const:g_pui32Xtals</name>
         <load_address>0x85c8</load_address>
         <run_address>0x85c8</run_address>
         <size>0x6c</size>
         <input_file_ref idref="fl-2a"/>
      </object_component>
      <object_component id="oc-318">
         <name>.const:g_ppui32UARTIntMap</name>
         <load_address>0x8634</load_address>
         <run_address>0x8634</run_address>
         <size>0x40</size>
         <input_file_ref idref="fl-2e"/>
      </object_component>
      <object_component id="oc-31b">
         <name>.const:g_ppui32UARTIntMapSnowflake</name>
         <load_address>0x8674</load_address>
         <run_address>0x8674</run_address>
         <size>0x40</size>
         <input_file_ref idref="fl-2e"/>
      </object_component>
      <object_component id="oc-215">
         <name>.const:g_sXTALtoMEMTIM</name>
         <load_address>0x86b4</load_address>
         <run_address>0x86b4</run_address>
         <size>0x30</size>
         <input_file_ref idref="fl-2a"/>
      </object_component>
      <object_component id="oc-268">
         <name>.const:g_UARTIntTable</name>
         <load_address>0x86e4</load_address>
         <run_address>0x86e4</run_address>
         <size>0x20</size>
         <input_file_ref idref="fl-10"/>
      </object_component>
      <object_component id="oc-2ce">
         <name>.const:g_pui32Priority</name>
         <load_address>0x8704</load_address>
         <run_address>0x8704</run_address>
         <size>0x20</size>
         <input_file_ref idref="fl-21"/>
      </object_component>
      <object_component id="oc-300">
         <name>.const:g_uartGPIOPeripheralTable</name>
         <load_address>0x8724</load_address>
         <run_address>0x8724</run_address>
         <size>0x20</size>
         <input_file_ref idref="fl-32"/>
      </object_component>
      <object_component id="oc-303">
         <name>.const:g_uartPeripheralTable</name>
         <load_address>0x8744</load_address>
         <run_address>0x8744</run_address>
         <size>0x20</size>
         <input_file_ref idref="fl-32"/>
      </object_component>
      <object_component id="oc-30f">
         <name>.const:g_uartPinModeTable</name>
         <load_address>0x8764</load_address>
         <run_address>0x8764</run_address>
         <size>0x20</size>
         <input_file_ref idref="fl-32"/>
      </object_component>
      <object_component id="oc-30c">
         <name>.const:g_uartPortBaseTable</name>
         <load_address>0x8784</load_address>
         <run_address>0x8784</run_address>
         <size>0x20</size>
         <input_file_ref idref="fl-32"/>
      </object_component>
      <object_component id="oc-306">
         <name>.const:g_uartRxPinMuxTable</name>
         <load_address>0x87a4</load_address>
         <run_address>0x87a4</run_address>
         <size>0x20</size>
         <input_file_ref idref="fl-32"/>
      </object_component>
      <object_component id="oc-309">
         <name>.const:g_uartTxPinMuxTable</name>
         <load_address>0x87c4</load_address>
         <run_address>0x87c4</run_address>
         <size>0x20</size>
         <input_file_ref idref="fl-32"/>
      </object_component>
      <object_component id="oc-265">
         <name>.const:g_UARTBaseTable</name>
         <load_address>0x87e4</load_address>
         <run_address>0x87e4</run_address>
         <size>0x1c</size>
         <input_file_ref idref="fl-10"/>
      </object_component>
      <object_component id="oc-2d7">
         <name>.const:g_pui32Dii16Regs</name>
         <load_address>0x8800</load_address>
         <run_address>0x8800</run_address>
         <size>0x14</size>
         <input_file_ref idref="fl-21"/>
      </object_component>
      <object_component id="oc-2d4">
         <name>.const:g_pui32EnRegs</name>
         <load_address>0x8814</load_address>
         <run_address>0x8814</run_address>
         <size>0x14</size>
         <input_file_ref idref="fl-21"/>
      </object_component>
      <object_component id="oc-2da">
         <name>.const:g_pui32PendRegs</name>
         <load_address>0x8828</load_address>
         <run_address>0x8828</run_address>
         <size>0x14</size>
         <input_file_ref idref="fl-21"/>
      </object_component>
      <object_component id="oc-2dd">
         <name>.const:g_pui32UnpendRegs</name>
         <load_address>0x883c</load_address>
         <run_address>0x883c</run_address>
         <size>0x14</size>
         <input_file_ref idref="fl-21"/>
      </object_component>
      <object_component id="oc-331">
         <name>.const:.string</name>
         <load_address>0x8850</load_address>
         <run_address>0x8850</run_address>
         <size>0x12</size>
         <input_file_ref idref="fl-10"/>
      </object_component>
      <object_component id="oc-168">
         <name>.const:.string:$P$T0$1</name>
         <load_address>0x8862</load_address>
         <run_address>0x8862</run_address>
         <size>0x8</size>
         <input_file_ref idref="fl-2"/>
      </object_component>
      <object_component id="oc-227">
         <name>.const:g_pui32VCOFrequencies</name>
         <load_address>0x886c</load_address>
         <run_address>0x886c</run_address>
         <size>0x8</size>
         <input_file_ref idref="fl-2a"/>
      </object_component>
      <object_component id="oc-270">
         <name>.const</name>
         <load_address>0x8874</load_address>
         <run_address>0x8874</run_address>
         <size>0x4</size>
         <input_file_ref idref="fl-10"/>
      </object_component>
      <object_component id="oc-82">
         <name>.const</name>
         <load_address>0x8878</load_address>
         <run_address>0x8878</run_address>
         <size>0x4</size>
         <input_file_ref idref="fl-b"/>
      </object_component>
      <object_component id="oc-3d0">
         <name>.cinit..data.load</name>
         <load_address>0x8880</load_address>
         <run_address>0x8880</run_address>
         <size>0x25</size>
      </object_component>
      <object_component id="oc-3cd">
         <name>__TI_handler_table</name>
         <load_address>0x88a8</load_address>
         <run_address>0x88a8</run_address>
         <size>0xc</size>
      </object_component>
      <object_component id="oc-3d1">
         <name>.cinit..bss.load</name>
         <load_address>0x88b8</load_address>
         <run_address>0x88b8</run_address>
         <size>0x8</size>
      </object_component>
      <object_component id="oc-3cf">
         <name>.cinit..vtable.load</name>
         <load_address>0x88c0</load_address>
         <run_address>0x88c0</run_address>
         <size>0x8</size>
      </object_component>
      <object_component id="oc-3ce">
         <name>__TI_cinit_table</name>
         <load_address>0x88c8</load_address>
         <run_address>0x88c8</run_address>
         <size>0x18</size>
      </object_component>
      <object_component id="oc-2cb">
         <name>.vtable</name>
         <uninitialized>true</uninitialized>
         <run_address>0x20000000</run_address>
         <size>0x26c</size>
         <input_file_ref idref="fl-21"/>
      </object_component>
      <object_component id="oc-7f">
         <name>.data</name>
         <load_address>0x2000cf30</load_address>
         <run_address>0x2000cf30</run_address>
         <size>0x34</size>
         <input_file_ref idref="fl-9"/>
      </object_component>
      <object_component id="oc-1f5">
         <name>.data</name>
         <load_address>0x2000cf8c</load_address>
         <run_address>0x2000cf8c</run_address>
         <size>0xc</size>
         <input_file_ref idref="fl-a"/>
      </object_component>
      <object_component id="oc-8c">
         <name>.data</name>
         <load_address>0x2000cfa4</load_address>
         <run_address>0x2000cfa4</run_address>
         <size>0x4</size>
         <input_file_ref idref="fl-b"/>
      </object_component>
      <object_component id="oc-1da">
         <name>.data</name>
         <load_address>0x2000cf64</load_address>
         <run_address>0x2000cf64</run_address>
         <size>0x18</size>
         <input_file_ref idref="fl-d"/>
      </object_component>
      <object_component id="oc-24c">
         <name>.data:sg_LedPortTable</name>
         <load_address>0x2000cf7c</load_address>
         <run_address>0x2000cf7c</run_address>
         <size>0x10</size>
         <input_file_ref idref="fl-34"/>
      </object_component>
      <object_component id="oc-24f">
         <name>.data:sg_LedPinTable</name>
         <load_address>0x2000cfac</load_address>
         <run_address>0x2000cfac</run_address>
         <size>0x4</size>
         <input_file_ref idref="fl-34"/>
      </object_component>
      <object_component id="oc-249">
         <name>.data:sg_LedMaskTable</name>
         <load_address>0x2000cfa8</load_address>
         <run_address>0x2000cfa8</run_address>
         <size>0x4</size>
         <input_file_ref idref="fl-34"/>
      </object_component>
      <object_component id="oc-252">
         <name>.data:sg_LedValueTable</name>
         <load_address>0x2000cf98</load_address>
         <run_address>0x2000cf98</run_address>
         <size>0x9</size>
         <input_file_ref idref="fl-34"/>
      </object_component>
      <object_component id="oc-110">
         <name>.bss:pxReadyTasksLists</name>
         <uninitialized>true</uninitialized>
         <run_address>0x2000c5bc</run_address>
         <size>0x64</size>
         <input_file_ref idref="fl-9"/>
      </object_component>
      <object_component id="oc-125">
         <name>.bss:xDelayedTaskList1</name>
         <uninitialized>true</uninitialized>
         <run_address>0x2000c6a4</run_address>
         <size>0x14</size>
         <input_file_ref idref="fl-9"/>
      </object_component>
      <object_component id="oc-128">
         <name>.bss:xDelayedTaskList2</name>
         <uninitialized>true</uninitialized>
         <run_address>0x2000c6b8</run_address>
         <size>0x14</size>
         <input_file_ref idref="fl-9"/>
      </object_component>
      <object_component id="oc-116">
         <name>.bss</name>
         <uninitialized>true</uninitialized>
         <run_address>0x2000c710</run_address>
         <size>0x8</size>
         <input_file_ref idref="fl-9"/>
      </object_component>
      <object_component id="oc-122">
         <name>.bss:xPendingReadyList</name>
         <uninitialized>true</uninitialized>
         <run_address>0x2000c6cc</run_address>
         <size>0x14</size>
         <input_file_ref idref="fl-9"/>
      </object_component>
      <object_component id="oc-113">
         <name>.bss:xTasksWaitingTermination</name>
         <uninitialized>true</uninitialized>
         <run_address>0x2000c6f4</run_address>
         <size>0x14</size>
         <input_file_ref idref="fl-9"/>
      </object_component>
      <object_component id="oc-119">
         <name>.bss:xSuspendedTaskList</name>
         <uninitialized>true</uninitialized>
         <run_address>0x2000c6e0</run_address>
         <size>0x14</size>
         <input_file_ref idref="fl-9"/>
      </object_component>
      <object_component id="oc-1fb">
         <name>.bss:xActiveTimerList1</name>
         <uninitialized>true</uninitialized>
         <run_address>0x2000c67c</run_address>
         <size>0x14</size>
         <input_file_ref idref="fl-a"/>
      </object_component>
      <object_component id="oc-1fe">
         <name>.bss:xActiveTimerList2</name>
         <uninitialized>true</uninitialized>
         <run_address>0x2000c690</run_address>
         <size>0x14</size>
         <input_file_ref idref="fl-a"/>
      </object_component>
      <object_component id="oc-1f8">
         <name>.bss</name>
         <uninitialized>true</uninitialized>
         <run_address>0x2000c718</run_address>
         <size>0x8</size>
         <input_file_ref idref="fl-a"/>
      </object_component>
      <object_component id="oc-1e0">
         <name>.bss:ucHeap</name>
         <uninitialized>true</uninitialized>
         <run_address>0x2000026c</run_address>
         <size>0xc350</size>
         <input_file_ref idref="fl-d"/>
      </object_component>
      <object_component id="oc-1dd">
         <name>.bss:xStart</name>
         <uninitialized>true</uninitialized>
         <run_address>0x2000c720</run_address>
         <size>0x8</size>
         <input_file_ref idref="fl-d"/>
      </object_component>
      <object_component id="oc-ad">
         <name>.bss</name>
         <uninitialized>true</uninitialized>
         <run_address>0x2000c708</run_address>
         <size>0x8</size>
         <input_file_ref idref="fl-e"/>
      </object_component>
      <object_component id="oc-262">
         <name>.bss:uart</name>
         <uninitialized>true</uninitialized>
         <run_address>0x2000c660</run_address>
         <size>0x1c</size>
         <input_file_ref idref="fl-10"/>
      </object_component>
      <object_component id="oc-16b">
         <name>.common:testTask</name>
         <uninitialized>true</uninitialized>
         <run_address>0x2000c728</run_address>
         <size>0x4</size>
      </object_component>
      <object_component id="oc-2b1">
         <name>.common:xQueueRegistry</name>
         <uninitialized>true</uninitialized>
         <run_address>0x2000c620</run_address>
         <size>0x40</size>
      </object_component>
      <object_component id="oc-24">
         <name>.stack</name>
         <uninitialized>true</uninitialized>
         <run_address>0x2000c730</run_address>
         <size>0x4</size>
         <input_file_ref idref="fl-f9"/>
      </object_component>
      <object_component id="oc-3d3">
         <name>.stack</name>
         <uninitialized>true</uninitialized>
         <run_address>0x2000c730</run_address>
         <size>0x0</size>
      </object_component>
      <object_component id="oc-13a">
         <name>.debug_info</name>
         <load_address>0x0</load_address>
         <run_address>0x0</run_address>
         <size>0x54c</size>
         <input_file_ref idref="fl-2"/>
      </object_component>
      <object_component id="oc-169">
         <name>.debug_info</name>
         <load_address>0x54c</load_address>
         <run_address>0x54c</run_address>
         <size>0xe5</size>
         <input_file_ref idref="fl-2"/>
      </object_component>
      <object_component id="oc-a8">
         <name>.debug_info</name>
         <load_address>0x631</load_address>
         <run_address>0x631</run_address>
         <size>0x3ba</size>
         <input_file_ref idref="fl-2"/>
      </object_component>
      <object_component id="oc-130">
         <name>.debug_info</name>
         <load_address>0x9eb</load_address>
         <run_address>0x9eb</run_address>
         <size>0x315</size>
         <input_file_ref idref="fl-2"/>
      </object_component>
      <object_component id="oc-c3">
         <name>.debug_info</name>
         <load_address>0xd00</load_address>
         <run_address>0xd00</run_address>
         <size>0x26b</size>
         <input_file_ref idref="fl-2"/>
      </object_component>
      <object_component id="oc-c8">
         <name>.debug_info</name>
         <load_address>0xf6b</load_address>
         <run_address>0xf6b</run_address>
         <size>0x461</size>
         <input_file_ref idref="fl-2"/>
      </object_component>
      <object_component id="oc-b1">
         <name>.debug_info</name>
         <load_address>0x13cc</load_address>
         <run_address>0x13cc</run_address>
         <size>0x42</size>
         <input_file_ref idref="fl-2"/>
      </object_component>
      <object_component id="oc-47">
         <name>.debug_info</name>
         <load_address>0x140e</load_address>
         <run_address>0x140e</run_address>
         <size>0x84</size>
         <input_file_ref idref="fl-2"/>
      </object_component>
      <object_component id="oc-91">
         <name>.debug_info</name>
         <load_address>0x1492</load_address>
         <run_address>0x1492</run_address>
         <size>0x2c</size>
         <input_file_ref idref="fl-2"/>
      </object_component>
      <object_component id="oc-176">
         <name>.debug_info</name>
         <load_address>0x14be</load_address>
         <run_address>0x14be</run_address>
         <size>0x4f</size>
         <input_file_ref idref="fl-2"/>
      </object_component>
      <object_component id="oc-16f">
         <name>.debug_info</name>
         <load_address>0x150d</load_address>
         <run_address>0x150d</run_address>
         <size>0x2a4</size>
         <input_file_ref idref="fl-2"/>
      </object_component>
      <object_component id="oc-22f">
         <name>.debug_info</name>
         <load_address>0x17b1</load_address>
         <run_address>0x17b1</run_address>
         <size>0xef</size>
         <input_file_ref idref="fl-2"/>
      </object_component>
      <object_component id="oc-b6">
         <name>.debug_info</name>
         <load_address>0x18a0</load_address>
         <run_address>0x18a0</run_address>
         <size>0xbb</size>
         <input_file_ref idref="fl-2"/>
      </object_component>
      <object_component id="oc-be">
         <name>.debug_info</name>
         <load_address>0x195b</load_address>
         <run_address>0x195b</run_address>
         <size>0x53</size>
         <input_file_ref idref="fl-2"/>
      </object_component>
      <object_component id="oc-96">
         <name>.debug_info</name>
         <load_address>0x19ae</load_address>
         <run_address>0x19ae</run_address>
         <size>0x53</size>
         <input_file_ref idref="fl-2"/>
      </object_component>
      <object_component id="oc-135">
         <name>.debug_info</name>
         <load_address>0x1a01</load_address>
         <run_address>0x1a01</run_address>
         <size>0x14c</size>
         <input_file_ref idref="fl-2"/>
      </object_component>
      <object_component id="oc-40">
         <name>.debug_info</name>
         <load_address>0x1b4d</load_address>
         <run_address>0x1b4d</run_address>
         <size>0x40e</size>
         <input_file_ref idref="fl-3"/>
      </object_component>
      <object_component id="oc-13">
         <name>.debug_info</name>
         <load_address>0x1f5b</load_address>
         <run_address>0x1f5b</run_address>
         <size>0x105</size>
         <input_file_ref idref="fl-3"/>
      </object_component>
      <object_component id="oc-28">
         <name>.debug_info</name>
         <load_address>0x2060</load_address>
         <run_address>0x2060</run_address>
         <size>0x286</size>
         <input_file_ref idref="fl-3"/>
      </object_component>
      <object_component id="oc-155">
         <name>.debug_info</name>
         <load_address>0x22e6</load_address>
         <run_address>0x22e6</run_address>
         <size>0x6ae</size>
         <input_file_ref idref="fl-5"/>
      </object_component>
      <object_component id="oc-a2">
         <name>.debug_info</name>
         <load_address>0x2994</load_address>
         <run_address>0x2994</run_address>
         <size>0x180a</size>
         <input_file_ref idref="fl-5"/>
      </object_component>
      <object_component id="oc-1cb">
         <name>.debug_info</name>
         <load_address>0x419e</load_address>
         <run_address>0x419e</run_address>
         <size>0x110</size>
         <input_file_ref idref="fl-5"/>
      </object_component>
      <object_component id="oc-1d5">
         <name>.debug_info</name>
         <load_address>0x42ae</load_address>
         <run_address>0x42ae</run_address>
         <size>0x461</size>
         <input_file_ref idref="fl-5"/>
      </object_component>
      <object_component id="oc-244">
         <name>.debug_info</name>
         <load_address>0x470f</load_address>
         <run_address>0x470f</run_address>
         <size>0x76</size>
         <input_file_ref idref="fl-5"/>
      </object_component>
      <object_component id="oc-150">
         <name>.debug_info</name>
         <load_address>0x4785</load_address>
         <run_address>0x4785</run_address>
         <size>0x39</size>
         <input_file_ref idref="fl-5"/>
      </object_component>
      <object_component id="oc-2aa">
         <name>.debug_info</name>
         <load_address>0x47be</load_address>
         <run_address>0x47be</run_address>
         <size>0x109</size>
         <input_file_ref idref="fl-5"/>
      </object_component>
      <object_component id="oc-1e6">
         <name>.debug_info</name>
         <load_address>0x48c7</load_address>
         <run_address>0x48c7</run_address>
         <size>0x37a</size>
         <input_file_ref idref="fl-6"/>
      </object_component>
      <object_component id="oc-10b">
         <name>.debug_info</name>
         <load_address>0x4c41</load_address>
         <run_address>0x4c41</run_address>
         <size>0x4c0</size>
         <input_file_ref idref="fl-6"/>
      </object_component>
      <object_component id="oc-2b2">
         <name>.debug_info</name>
         <load_address>0x5101</load_address>
         <run_address>0x5101</run_address>
         <size>0x8a3</size>
         <input_file_ref idref="fl-7"/>
      </object_component>
      <object_component id="oc-1f0">
         <name>.debug_info</name>
         <load_address>0x59a4</load_address>
         <run_address>0x59a4</run_address>
         <size>0x368c</size>
         <input_file_ref idref="fl-7"/>
      </object_component>
      <object_component id="oc-363">
         <name>.debug_info</name>
         <load_address>0x9030</load_address>
         <run_address>0x9030</run_address>
         <size>0x23f</size>
         <input_file_ref idref="fl-7"/>
      </object_component>
      <object_component id="oc-2b5">
         <name>.debug_info</name>
         <load_address>0x926f</load_address>
         <run_address>0x926f</run_address>
         <size>0x46</size>
         <input_file_ref idref="fl-7"/>
      </object_component>
      <object_component id="oc-182">
         <name>.debug_info</name>
         <load_address>0x92b5</load_address>
         <run_address>0x92b5</run_address>
         <size>0x2c</size>
         <input_file_ref idref="fl-8"/>
      </object_component>
      <object_component id="oc-fc">
         <name>.debug_info</name>
         <load_address>0x92e1</load_address>
         <run_address>0x92e1</run_address>
         <size>0x782</size>
         <input_file_ref idref="fl-9"/>
      </object_component>
      <object_component id="oc-80">
         <name>.debug_info</name>
         <load_address>0x9a63</load_address>
         <run_address>0x9a63</run_address>
         <size>0x35b</size>
         <input_file_ref idref="fl-9"/>
      </object_component>
      <object_component id="oc-111">
         <name>.debug_info</name>
         <load_address>0x9dbe</load_address>
         <run_address>0x9dbe</run_address>
         <size>0x104</size>
         <input_file_ref idref="fl-9"/>
      </object_component>
      <object_component id="oc-126">
         <name>.debug_info</name>
         <load_address>0x9ec2</load_address>
         <run_address>0x9ec2</run_address>
         <size>0x104</size>
         <input_file_ref idref="fl-9"/>
      </object_component>
      <object_component id="oc-129">
         <name>.debug_info</name>
         <load_address>0x9fc6</load_address>
         <run_address>0x9fc6</run_address>
         <size>0x104</size>
         <input_file_ref idref="fl-9"/>
      </object_component>
      <object_component id="oc-117">
         <name>.debug_info</name>
         <load_address>0xa0ca</load_address>
         <run_address>0xa0ca</run_address>
         <size>0x147</size>
         <input_file_ref idref="fl-9"/>
      </object_component>
      <object_component id="oc-123">
         <name>.debug_info</name>
         <load_address>0xa211</load_address>
         <run_address>0xa211</run_address>
         <size>0x104</size>
         <input_file_ref idref="fl-9"/>
      </object_component>
      <object_component id="oc-114">
         <name>.debug_info</name>
         <load_address>0xa315</load_address>
         <run_address>0xa315</run_address>
         <size>0x112</size>
         <input_file_ref idref="fl-9"/>
      </object_component>
      <object_component id="oc-11a">
         <name>.debug_info</name>
         <load_address>0xa427</load_address>
         <run_address>0xa427</run_address>
         <size>0x106</size>
         <input_file_ref idref="fl-9"/>
      </object_component>
      <object_component id="oc-86">
         <name>.debug_info</name>
         <load_address>0xa52d</load_address>
         <run_address>0xa52d</run_address>
         <size>0x4c21</size>
         <input_file_ref idref="fl-9"/>
      </object_component>
      <object_component id="oc-fd">
         <name>.debug_info</name>
         <load_address>0xf14e</load_address>
         <run_address>0xf14e</run_address>
         <size>0x30c</size>
         <input_file_ref idref="fl-9"/>
      </object_component>
      <object_component id="oc-1d0">
         <name>.debug_info</name>
         <load_address>0xf45a</load_address>
         <run_address>0xf45a</run_address>
         <size>0x144</size>
         <input_file_ref idref="fl-9"/>
      </object_component>
      <object_component id="oc-207">
         <name>.debug_info</name>
         <load_address>0xf59e</load_address>
         <run_address>0xf59e</run_address>
         <size>0x869</size>
         <input_file_ref idref="fl-a"/>
      </object_component>
      <object_component id="oc-1fc">
         <name>.debug_info</name>
         <load_address>0xfe07</load_address>
         <run_address>0xfe07</run_address>
         <size>0x104</size>
         <input_file_ref idref="fl-a"/>
      </object_component>
      <object_component id="oc-1ff">
         <name>.debug_info</name>
         <load_address>0xff0b</load_address>
         <run_address>0xff0b</run_address>
         <size>0x104</size>
         <input_file_ref idref="fl-a"/>
      </object_component>
      <object_component id="oc-1f9">
         <name>.debug_info</name>
         <load_address>0x1000f</load_address>
         <run_address>0x1000f</run_address>
         <size>0x13c</size>
         <input_file_ref idref="fl-a"/>
      </object_component>
      <object_component id="oc-1f6">
         <name>.debug_info</name>
         <load_address>0x1014b</load_address>
         <run_address>0x1014b</run_address>
         <size>0x128</size>
         <input_file_ref idref="fl-a"/>
      </object_component>
      <object_component id="oc-11e">
         <name>.debug_info</name>
         <load_address>0x10273</load_address>
         <run_address>0x10273</run_address>
         <size>0x22ee</size>
         <input_file_ref idref="fl-a"/>
      </object_component>
      <object_component id="oc-208">
         <name>.debug_info</name>
         <load_address>0x12561</load_address>
         <run_address>0x12561</run_address>
         <size>0x1e2</size>
         <input_file_ref idref="fl-a"/>
      </object_component>
      <object_component id="oc-2bc">
         <name>.debug_info</name>
         <load_address>0x12743</load_address>
         <run_address>0x12743</run_address>
         <size>0x4f</size>
         <input_file_ref idref="fl-a"/>
      </object_component>
      <object_component id="oc-202">
         <name>.debug_info</name>
         <load_address>0x12792</load_address>
         <run_address>0x12792</run_address>
         <size>0x46</size>
         <input_file_ref idref="fl-a"/>
      </object_component>
      <object_component id="oc-90">
         <name>.debug_info</name>
         <load_address>0x127d8</load_address>
         <run_address>0x127d8</run_address>
         <size>0x415</size>
         <input_file_ref idref="fl-b"/>
      </object_component>
      <object_component id="oc-83">
         <name>.debug_info</name>
         <load_address>0x12bed</load_address>
         <run_address>0x12bed</run_address>
         <size>0x131</size>
         <input_file_ref idref="fl-b"/>
      </object_component>
      <object_component id="oc-8d">
         <name>.debug_info</name>
         <load_address>0x12d1e</load_address>
         <run_address>0x12d1e</run_address>
         <size>0x118</size>
         <input_file_ref idref="fl-b"/>
      </object_component>
      <object_component id="oc-34">
         <name>.debug_info</name>
         <load_address>0x12e36</load_address>
         <run_address>0x12e36</run_address>
         <size>0x6c8</size>
         <input_file_ref idref="fl-b"/>
      </object_component>
      <object_component id="oc-2e">
         <name>.debug_info</name>
         <load_address>0x134fe</load_address>
         <run_address>0x134fe</run_address>
         <size>0x266</size>
         <input_file_ref idref="fl-c"/>
      </object_component>
      <object_component id="oc-1e4">
         <name>.debug_info</name>
         <load_address>0x13764</load_address>
         <run_address>0x13764</run_address>
         <size>0x480</size>
         <input_file_ref idref="fl-d"/>
      </object_component>
      <object_component id="oc-1e1">
         <name>.debug_info</name>
         <load_address>0x13be4</load_address>
         <run_address>0x13be4</run_address>
         <size>0xff</size>
         <input_file_ref idref="fl-d"/>
      </object_component>
      <object_component id="oc-1de">
         <name>.debug_info</name>
         <load_address>0x13ce3</load_address>
         <run_address>0x13ce3</run_address>
         <size>0xff</size>
         <input_file_ref idref="fl-d"/>
      </object_component>
      <object_component id="oc-1db">
         <name>.debug_info</name>
         <load_address>0x13de2</load_address>
         <run_address>0x13de2</run_address>
         <size>0x23f</size>
         <input_file_ref idref="fl-d"/>
      </object_component>
      <object_component id="oc-107">
         <name>.debug_info</name>
         <load_address>0x14021</load_address>
         <run_address>0x14021</run_address>
         <size>0x941</size>
         <input_file_ref idref="fl-d"/>
      </object_component>
      <object_component id="oc-2a1">
         <name>.debug_info</name>
         <load_address>0x14962</load_address>
         <run_address>0x14962</run_address>
         <size>0x62</size>
         <input_file_ref idref="fl-d"/>
      </object_component>
      <object_component id="oc-bb">
         <name>.debug_info</name>
         <load_address>0x149c4</load_address>
         <run_address>0x149c4</run_address>
         <size>0x683</size>
         <input_file_ref idref="fl-e"/>
      </object_component>
      <object_component id="oc-ae">
         <name>.debug_info</name>
         <load_address>0x15047</load_address>
         <run_address>0x15047</run_address>
         <size>0x13a</size>
         <input_file_ref idref="fl-e"/>
      </object_component>
      <object_component id="oc-39">
         <name>.debug_info</name>
         <load_address>0x15181</load_address>
         <run_address>0x15181</run_address>
         <size>0x6a8</size>
         <input_file_ref idref="fl-e"/>
      </object_component>
      <object_component id="oc-274">
         <name>.debug_info</name>
         <load_address>0x15829</load_address>
         <run_address>0x15829</run_address>
         <size>0x8ae</size>
         <input_file_ref idref="fl-10"/>
      </object_component>
      <object_component id="oc-266">
         <name>.debug_info</name>
         <load_address>0x160d7</load_address>
         <run_address>0x160d7</run_address>
         <size>0x10e</size>
         <input_file_ref idref="fl-10"/>
      </object_component>
      <object_component id="oc-269">
         <name>.debug_info</name>
         <load_address>0x161e5</load_address>
         <run_address>0x161e5</run_address>
         <size>0x10c</size>
         <input_file_ref idref="fl-10"/>
      </object_component>
      <object_component id="oc-271">
         <name>.debug_info</name>
         <load_address>0x162f1</load_address>
         <run_address>0x162f1</run_address>
         <size>0xfe</size>
         <input_file_ref idref="fl-10"/>
      </object_component>
      <object_component id="oc-263">
         <name>.debug_info</name>
         <load_address>0x163ef</load_address>
         <run_address>0x163ef</run_address>
         <size>0xf8</size>
         <input_file_ref idref="fl-10"/>
      </object_component>
      <object_component id="oc-15d">
         <name>.debug_info</name>
         <load_address>0x164e7</load_address>
         <run_address>0x164e7</run_address>
         <size>0xb6b</size>
         <input_file_ref idref="fl-10"/>
      </object_component>
      <object_component id="oc-33b">
         <name>.debug_info</name>
         <load_address>0x17052</load_address>
         <run_address>0x17052</run_address>
         <size>0x461</size>
         <input_file_ref idref="fl-10"/>
      </object_component>
      <object_component id="oc-313">
         <name>.debug_info</name>
         <load_address>0x174b3</load_address>
         <run_address>0x174b3</run_address>
         <size>0x136</size>
         <input_file_ref idref="fl-10"/>
      </object_component>
      <object_component id="oc-38d">
         <name>.debug_info</name>
         <load_address>0x175e9</load_address>
         <run_address>0x175e9</run_address>
         <size>0x2c</size>
         <input_file_ref idref="fl-10"/>
      </object_component>
      <object_component id="oc-322">
         <name>.debug_info</name>
         <load_address>0x17615</load_address>
         <run_address>0x17615</run_address>
         <size>0xc6</size>
         <input_file_ref idref="fl-10"/>
      </object_component>
      <object_component id="oc-149">
         <name>.debug_info</name>
         <load_address>0x176db</load_address>
         <run_address>0x176db</run_address>
         <size>0x8b</size>
         <input_file_ref idref="fl-10"/>
      </object_component>
      <object_component id="oc-336">
         <name>.debug_info</name>
         <load_address>0x17766</load_address>
         <run_address>0x17766</run_address>
         <size>0xcc</size>
         <input_file_ref idref="fl-10"/>
      </object_component>
      <object_component id="oc-275">
         <name>.debug_info</name>
         <load_address>0x17832</load_address>
         <run_address>0x17832</run_address>
         <size>0x2c</size>
         <input_file_ref idref="fl-10"/>
      </object_component>
      <object_component id="oc-21f">
         <name>.debug_info</name>
         <load_address>0x1785e</load_address>
         <run_address>0x1785e</run_address>
         <size>0x3c6</size>
         <input_file_ref idref="fl-15"/>
      </object_component>
      <object_component id="oc-23f">
         <name>.debug_info</name>
         <load_address>0x17c24</load_address>
         <run_address>0x17c24</run_address>
         <size>0x3ad</size>
         <input_file_ref idref="fl-1e"/>
      </object_component>
      <object_component id="oc-236">
         <name>.debug_info</name>
         <load_address>0x17fd1</load_address>
         <run_address>0x17fd1</run_address>
         <size>0x11e</size>
         <input_file_ref idref="fl-1e"/>
      </object_component>
      <object_component id="oc-239">
         <name>.debug_info</name>
         <load_address>0x180ef</load_address>
         <run_address>0x180ef</run_address>
         <size>0x120</size>
         <input_file_ref idref="fl-1e"/>
      </object_component>
      <object_component id="oc-23c">
         <name>.debug_info</name>
         <load_address>0x1820f</load_address>
         <run_address>0x1820f</run_address>
         <size>0x112</size>
         <input_file_ref idref="fl-1e"/>
      </object_component>
      <object_component id="oc-143">
         <name>.debug_info</name>
         <load_address>0x18321</load_address>
         <run_address>0x18321</run_address>
         <size>0x3dec</size>
         <input_file_ref idref="fl-1e"/>
      </object_component>
      <object_component id="oc-2e1">
         <name>.debug_info</name>
         <load_address>0x1c10d</load_address>
         <run_address>0x1c10d</run_address>
         <size>0x38a</size>
         <input_file_ref idref="fl-21"/>
      </object_component>
      <object_component id="oc-2cf">
         <name>.debug_info</name>
         <load_address>0x1c497</load_address>
         <run_address>0x1c497</run_address>
         <size>0x10d</size>
         <input_file_ref idref="fl-21"/>
      </object_component>
      <object_component id="oc-2d2">
         <name>.debug_info</name>
         <load_address>0x1c5a4</load_address>
         <run_address>0x1c5a4</run_address>
         <size>0x105</size>
         <input_file_ref idref="fl-21"/>
      </object_component>
      <object_component id="oc-2d5">
         <name>.debug_info</name>
         <load_address>0x1c6a9</load_address>
         <run_address>0x1c6a9</run_address>
         <size>0x109</size>
         <input_file_ref idref="fl-21"/>
      </object_component>
      <object_component id="oc-2d8">
         <name>.debug_info</name>
         <load_address>0x1c7b2</load_address>
         <run_address>0x1c7b2</run_address>
         <size>0x10f</size>
         <input_file_ref idref="fl-21"/>
      </object_component>
      <object_component id="oc-2db">
         <name>.debug_info</name>
         <load_address>0x1c8c1</load_address>
         <run_address>0x1c8c1</run_address>
         <size>0x10d</size>
         <input_file_ref idref="fl-21"/>
      </object_component>
      <object_component id="oc-2de">
         <name>.debug_info</name>
         <load_address>0x1c9ce</load_address>
         <run_address>0x1c9ce</run_address>
         <size>0x111</size>
         <input_file_ref idref="fl-21"/>
      </object_component>
      <object_component id="oc-2cc">
         <name>.debug_info</name>
         <load_address>0x1cadf</load_address>
         <run_address>0x1cadf</run_address>
         <size>0x10e</size>
         <input_file_ref idref="fl-21"/>
      </object_component>
      <object_component id="oc-21a">
         <name>.debug_info</name>
         <load_address>0x1cbed</load_address>
         <run_address>0x1cbed</run_address>
         <size>0xf00</size>
         <input_file_ref idref="fl-21"/>
      </object_component>
      <object_component id="oc-234">
         <name>.debug_info</name>
         <load_address>0x1daed</load_address>
         <run_address>0x1daed</run_address>
         <size>0x40f</size>
         <input_file_ref idref="fl-2a"/>
      </object_component>
      <object_component id="oc-225">
         <name>.debug_info</name>
         <load_address>0x1defc</load_address>
         <run_address>0x1defc</run_address>
         <size>0x104</size>
         <input_file_ref idref="fl-2a"/>
      </object_component>
      <object_component id="oc-22b">
         <name>.debug_info</name>
         <load_address>0x1e000</load_address>
         <run_address>0x1e000</run_address>
         <size>0x110</size>
         <input_file_ref idref="fl-2a"/>
      </object_component>
      <object_component id="oc-216">
         <name>.debug_info</name>
         <load_address>0x1e110</load_address>
         <run_address>0x1e110</run_address>
         <size>0x10a</size>
         <input_file_ref idref="fl-2a"/>
      </object_component>
      <object_component id="oc-228">
         <name>.debug_info</name>
         <load_address>0x1e21a</load_address>
         <run_address>0x1e21a</run_address>
         <size>0x117</size>
         <input_file_ref idref="fl-2a"/>
      </object_component>
      <object_component id="oc-13d">
         <name>.debug_info</name>
         <load_address>0x1e331</load_address>
         <run_address>0x1e331</run_address>
         <size>0x32df</size>
         <input_file_ref idref="fl-2a"/>
      </object_component>
      <object_component id="oc-2eb">
         <name>.debug_info</name>
         <load_address>0x21610</load_address>
         <run_address>0x21610</run_address>
         <size>0x51</size>
         <input_file_ref idref="fl-2a"/>
      </object_component>
      <object_component id="oc-31f">
         <name>.debug_info</name>
         <load_address>0x21661</load_address>
         <run_address>0x21661</run_address>
         <size>0x38f</size>
         <input_file_ref idref="fl-2e"/>
      </object_component>
      <object_component id="oc-319">
         <name>.debug_info</name>
         <load_address>0x219f0</load_address>
         <run_address>0x219f0</run_address>
         <size>0x10e</size>
         <input_file_ref idref="fl-2e"/>
      </object_component>
      <object_component id="oc-31c">
         <name>.debug_info</name>
         <load_address>0x21afe</load_address>
         <run_address>0x21afe</run_address>
         <size>0x120</size>
         <input_file_ref idref="fl-2e"/>
      </object_component>
      <object_component id="oc-25d">
         <name>.debug_info</name>
         <load_address>0x21c1e</load_address>
         <run_address>0x21c1e</run_address>
         <size>0x3262</size>
         <input_file_ref idref="fl-2e"/>
      </object_component>
      <object_component id="oc-37c">
         <name>.debug_info</name>
         <load_address>0x24e80</load_address>
         <run_address>0x24e80</run_address>
         <size>0x36e</size>
         <input_file_ref idref="fl-32"/>
      </object_component>
      <object_component id="oc-301">
         <name>.debug_info</name>
         <load_address>0x251ee</load_address>
         <run_address>0x251ee</run_address>
         <size>0x116</size>
         <input_file_ref idref="fl-32"/>
      </object_component>
      <object_component id="oc-304">
         <name>.debug_info</name>
         <load_address>0x25304</load_address>
         <run_address>0x25304</run_address>
         <size>0x10e</size>
         <input_file_ref idref="fl-32"/>
      </object_component>
      <object_component id="oc-30d">
         <name>.debug_info</name>
         <load_address>0x25412</load_address>
         <run_address>0x25412</run_address>
         <size>0x10a</size>
         <input_file_ref idref="fl-32"/>
      </object_component>
      <object_component id="oc-307">
         <name>.debug_info</name>
         <load_address>0x2551c</load_address>
         <run_address>0x2551c</run_address>
         <size>0x10a</size>
         <input_file_ref idref="fl-32"/>
      </object_component>
      <object_component id="oc-30a">
         <name>.debug_info</name>
         <load_address>0x25626</load_address>
         <run_address>0x25626</run_address>
         <size>0x10a</size>
         <input_file_ref idref="fl-32"/>
      </object_component>
      <object_component id="oc-310">
         <name>.debug_info</name>
         <load_address>0x25730</load_address>
         <run_address>0x25730</run_address>
         <size>0x108</size>
         <input_file_ref idref="fl-32"/>
      </object_component>
      <object_component id="oc-259">
         <name>.debug_info</name>
         <load_address>0x25838</load_address>
         <run_address>0x25838</run_address>
         <size>0x1f2</size>
         <input_file_ref idref="fl-32"/>
      </object_component>
      <object_component id="oc-14e">
         <name>.debug_info</name>
         <load_address>0x25a2a</load_address>
         <run_address>0x25a2a</run_address>
         <size>0x514</size>
         <input_file_ref idref="fl-33"/>
      </object_component>
      <object_component id="oc-9c">
         <name>.debug_info</name>
         <load_address>0x25f3e</load_address>
         <run_address>0x25f3e</run_address>
         <size>0x583</size>
         <input_file_ref idref="fl-33"/>
      </object_component>
      <object_component id="oc-2f9">
         <name>.debug_info</name>
         <load_address>0x264c1</load_address>
         <run_address>0x264c1</run_address>
         <size>0x3d1</size>
         <input_file_ref idref="fl-34"/>
      </object_component>
      <object_component id="oc-24d">
         <name>.debug_info</name>
         <load_address>0x26892</load_address>
         <run_address>0x26892</run_address>
         <size>0xfd</size>
         <input_file_ref idref="fl-34"/>
      </object_component>
      <object_component id="oc-250">
         <name>.debug_info</name>
         <load_address>0x2698f</load_address>
         <run_address>0x2698f</run_address>
         <size>0xfb</size>
         <input_file_ref idref="fl-34"/>
      </object_component>
      <object_component id="oc-24a">
         <name>.debug_info</name>
         <load_address>0x26a8a</load_address>
         <run_address>0x26a8a</run_address>
         <size>0xfd</size>
         <input_file_ref idref="fl-34"/>
      </object_component>
      <object_component id="oc-253">
         <name>.debug_info</name>
         <load_address>0x26b87</load_address>
         <run_address>0x26b87</run_address>
         <size>0xff</size>
         <input_file_ref idref="fl-34"/>
      </object_component>
      <object_component id="oc-15a">
         <name>.debug_info</name>
         <load_address>0x26c86</load_address>
         <run_address>0x26c86</run_address>
         <size>0x3bb</size>
         <input_file_ref idref="fl-34"/>
      </object_component>
      <object_component id="oc-163">
         <name>.debug_info</name>
         <load_address>0x27041</load_address>
         <run_address>0x27041</run_address>
         <size>0x192</size>
         <input_file_ref idref="fl-35"/>
      </object_component>
      <object_component id="oc-4e">
         <name>.debug_info</name>
         <load_address>0x271d3</load_address>
         <run_address>0x271d3</run_address>
         <size>0x119</size>
         <input_file_ref idref="fl-f3"/>
      </object_component>
      <object_component id="oc-e3">
         <name>.debug_info</name>
         <load_address>0x272ec</load_address>
         <run_address>0x272ec</run_address>
         <size>0x147</size>
         <input_file_ref idref="fl-f4"/>
      </object_component>
      <object_component id="oc-26d">
         <name>.debug_info</name>
         <load_address>0x27433</load_address>
         <run_address>0x27433</run_address>
         <size>0x142</size>
         <input_file_ref idref="fl-f5"/>
      </object_component>
      <object_component id="oc-e1">
         <name>.debug_info</name>
         <load_address>0x27575</load_address>
         <run_address>0x27575</run_address>
         <size>0x2d4</size>
         <input_file_ref idref="fl-f6"/>
      </object_component>
      <object_component id="oc-62">
         <name>.debug_info</name>
         <load_address>0x27849</load_address>
         <run_address>0x27849</run_address>
         <size>0x1b5</size>
         <input_file_ref idref="fl-f6"/>
      </object_component>
      <object_component id="oc-dc">
         <name>.debug_info</name>
         <load_address>0x279fe</load_address>
         <run_address>0x279fe</run_address>
         <size>0x46</size>
         <input_file_ref idref="fl-f6"/>
      </object_component>
      <object_component id="oc-57">
         <name>.debug_info</name>
         <load_address>0x27a44</load_address>
         <run_address>0x27a44</run_address>
         <size>0x2a8</size>
         <input_file_ref idref="fl-f7"/>
      </object_component>
      <object_component id="oc-1d">
         <name>.debug_info</name>
         <load_address>0x27cec</load_address>
         <run_address>0x27cec</run_address>
         <size>0x1ea</size>
         <input_file_ref idref="fl-f7"/>
      </object_component>
      <object_component id="oc-52">
         <name>.debug_info</name>
         <load_address>0x27ed6</load_address>
         <run_address>0x27ed6</run_address>
         <size>0x46</size>
         <input_file_ref idref="fl-f7"/>
      </object_component>
      <object_component id="oc-d4">
         <name>.debug_info</name>
         <load_address>0x27f1c</load_address>
         <run_address>0x27f1c</run_address>
         <size>0x2c</size>
         <input_file_ref idref="fl-f7"/>
      </object_component>
      <object_component id="oc-d2">
         <name>.debug_info</name>
         <load_address>0x27f48</load_address>
         <run_address>0x27f48</run_address>
         <size>0x29e</size>
         <input_file_ref idref="fl-f8"/>
      </object_component>
      <object_component id="oc-19">
         <name>.debug_info</name>
         <load_address>0x281e6</load_address>
         <run_address>0x281e6</run_address>
         <size>0x250</size>
         <input_file_ref idref="fl-f8"/>
      </object_component>
      <object_component id="oc-42">
         <name>.debug_info</name>
         <load_address>0x28436</load_address>
         <run_address>0x28436</run_address>
         <size>0x60</size>
         <input_file_ref idref="fl-f8"/>
      </object_component>
      <object_component id="oc-17b">
         <name>.debug_info</name>
         <load_address>0x28496</load_address>
         <run_address>0x28496</run_address>
         <size>0x46</size>
         <input_file_ref idref="fl-f8"/>
      </object_component>
      <object_component id="oc-cd">
         <name>.debug_info</name>
         <load_address>0x284dc</load_address>
         <run_address>0x284dc</run_address>
         <size>0x39</size>
         <input_file_ref idref="fl-f8"/>
      </object_component>
      <object_component id="oc-25">
         <name>.debug_info</name>
         <load_address>0x28515</load_address>
         <run_address>0x28515</run_address>
         <size>0x10b</size>
         <input_file_ref idref="fl-f9"/>
      </object_component>
      <object_component id="oc-6c">
         <name>.debug_info</name>
         <load_address>0x28620</load_address>
         <run_address>0x28620</run_address>
         <size>0x1a9</size>
         <input_file_ref idref="fl-f9"/>
      </object_component>
      <object_component id="oc-32c">
         <name>.debug_info</name>
         <load_address>0x287c9</load_address>
         <run_address>0x287c9</run_address>
         <size>0x115</size>
         <input_file_ref idref="fl-fa"/>
      </object_component>
      <object_component id="oc-288">
         <name>.debug_info</name>
         <load_address>0x288de</load_address>
         <run_address>0x288de</run_address>
         <size>0x4b3</size>
         <input_file_ref idref="fl-fb"/>
      </object_component>
      <object_component id="oc-198">
         <name>.debug_info</name>
         <load_address>0x28d91</load_address>
         <run_address>0x28d91</run_address>
         <size>0x1a6</size>
         <input_file_ref idref="fl-fb"/>
      </object_component>
      <object_component id="oc-350">
         <name>.debug_info</name>
         <load_address>0x28f37</load_address>
         <run_address>0x28f37</run_address>
         <size>0x39</size>
         <input_file_ref idref="fl-fb"/>
      </object_component>
      <object_component id="oc-396">
         <name>.debug_info</name>
         <load_address>0x28f70</load_address>
         <run_address>0x28f70</run_address>
         <size>0x39</size>
         <input_file_ref idref="fl-fb"/>
      </object_component>
      <object_component id="oc-355">
         <name>.debug_info</name>
         <load_address>0x28fa9</load_address>
         <run_address>0x28fa9</run_address>
         <size>0x39</size>
         <input_file_ref idref="fl-fb"/>
      </object_component>
      <object_component id="oc-35a">
         <name>.debug_info</name>
         <load_address>0x28fe2</load_address>
         <run_address>0x28fe2</run_address>
         <size>0xcd</size>
         <input_file_ref idref="fl-fb"/>
      </object_component>
      <object_component id="oc-e9">
         <name>.debug_info</name>
         <load_address>0x290af</load_address>
         <run_address>0x290af</run_address>
         <size>0x153</size>
         <input_file_ref idref="fl-fc"/>
      </object_component>
      <object_component id="oc-18c">
         <name>.debug_info</name>
         <load_address>0x29202</load_address>
         <run_address>0x29202</run_address>
         <size>0x122</size>
         <input_file_ref idref="fl-fe"/>
      </object_component>
      <object_component id="oc-3d4">
         <name>.debug_info</name>
         <load_address>0x29324</load_address>
         <run_address>0x29324</run_address>
         <size>0xb7</size>
      </object_component>
      <object_component id="oc-214">
         <name>.debug_line</name>
         <load_address>0x0</load_address>
         <run_address>0x0</run_address>
         <size>0x202</size>
         <input_file_ref idref="fl-2"/>
      </object_component>
      <object_component id="oc-27c">
         <name>.debug_line</name>
         <load_address>0x202</load_address>
         <run_address>0x202</run_address>
         <size>0x2d</size>
         <input_file_ref idref="fl-2"/>
      </object_component>
      <object_component id="oc-ab">
         <name>.debug_line</name>
         <load_address>0x22f</load_address>
         <run_address>0x22f</run_address>
         <size>0xbf</size>
         <input_file_ref idref="fl-2"/>
      </object_component>
      <object_component id="oc-133">
         <name>.debug_line</name>
         <load_address>0x2ee</load_address>
         <run_address>0x2ee</run_address>
         <size>0x7e</size>
         <input_file_ref idref="fl-2"/>
      </object_component>
      <object_component id="oc-c6">
         <name>.debug_line</name>
         <load_address>0x36c</load_address>
         <run_address>0x36c</run_address>
         <size>0x77</size>
         <input_file_ref idref="fl-2"/>
      </object_component>
      <object_component id="oc-cb">
         <name>.debug_line</name>
         <load_address>0x3e3</load_address>
         <run_address>0x3e3</run_address>
         <size>0x82</size>
         <input_file_ref idref="fl-2"/>
      </object_component>
      <object_component id="oc-b4">
         <name>.debug_line</name>
         <load_address>0x465</load_address>
         <run_address>0x465</run_address>
         <size>0x86</size>
         <input_file_ref idref="fl-2"/>
      </object_component>
      <object_component id="oc-4a">
         <name>.debug_line</name>
         <load_address>0x4eb</load_address>
         <run_address>0x4eb</run_address>
         <size>0x20</size>
         <input_file_ref idref="fl-2"/>
      </object_component>
      <object_component id="oc-94">
         <name>.debug_line</name>
         <load_address>0x50b</load_address>
         <run_address>0x50b</run_address>
         <size>0x82</size>
         <input_file_ref idref="fl-2"/>
      </object_component>
      <object_component id="oc-179">
         <name>.debug_line</name>
         <load_address>0x58d</load_address>
         <run_address>0x58d</run_address>
         <size>0x80</size>
         <input_file_ref idref="fl-2"/>
      </object_component>
      <object_component id="oc-172">
         <name>.debug_line</name>
         <load_address>0x60d</load_address>
         <run_address>0x60d</run_address>
         <size>0x7b</size>
         <input_file_ref idref="fl-2"/>
      </object_component>
      <object_component id="oc-232">
         <name>.debug_line</name>
         <load_address>0x688</load_address>
         <run_address>0x688</run_address>
         <size>0x77</size>
         <input_file_ref idref="fl-2"/>
      </object_component>
      <object_component id="oc-b9">
         <name>.debug_line</name>
         <load_address>0x6ff</load_address>
         <run_address>0x6ff</run_address>
         <size>0x78</size>
         <input_file_ref idref="fl-2"/>
      </object_component>
      <object_component id="oc-c1">
         <name>.debug_line</name>
         <load_address>0x777</load_address>
         <run_address>0x777</run_address>
         <size>0x73</size>
         <input_file_ref idref="fl-2"/>
      </object_component>
[...]
         <value>0x3013</value>
         <object_component_ref idref="oc-13c"/>
      </symbol>
      <symbol id="sm-a7e">
         <name>SysCtlResetCauseGet</name>
         <value>0x2609</value>
         <object_component_ref idref="oc-13c"/>
      </symbol>
      <symbol id="sm-a7f">
         <name>SysCtlSleep</name>
         <value>0x25e5</value>
         <object_component_ref idref="oc-13c"/>
      </symbol>
      <symbol id="sm-a80">
         <name>SysCtlPWMClockGet</name>
         <value>0x2ed9</value>
         <object_component_ref idref="oc-13c"/>
      </symbol>
      <symbol id="sm-a81">
         <name>SysCtlDeepSleepPowerSet</name>
         <value>0x25cd</value>
         <object_component_ref idref="oc-13c"/>
      </symbol>
      <symbol id="sm-a82">
         <name>SysCtlClockOutConfig</name>
         <value>0x3107</value>
         <object_component_ref idref="oc-13c"/>
      </symbol>
      <symbol id="sm-a83">
         <name>SysCtlNMIStatus</name>
         <value>0x30ed</value>
         <object_component_ref idref="oc-13c"/>
      </symbol>
      <symbol id="sm-a84">
         <name>SysCtlDeepSleepClockConfigSet</name>
         <value>0x2dbd</value>
         <object_component_ref idref="oc-13c"/>
      </symbol>
      <symbol id="sm-a85">
         <name>SysCtlDelay</name>
         <value>0x8147</value>
         <object_component_ref idref="oc-22d"/>
      </symbol>
      <symbol id="sm-a86">
         <name>SysCtlVoltageEventClear</name>
         <value>0x3029</value>
         <object_component_ref idref="oc-13c"/>
      </symbol>
      <symbol id="sm-a87">
         <name>SysCtlLDOSleepSet</name>
         <value>0x250d</value>
         <object_component_ref idref="oc-13c"/>
      </symbol>
      <symbol id="sm-a88">
         <name>SysCtlMOSCConfigSet</name>
         <value>0x2629</value>
         <object_component_ref idref="oc-13c"/>
      </symbol>
      <symbol id="sm-a89">
         <name>SysCtlPeripheralEnable</name>
         <value>0x2239</value>
         <object_component_ref idref="oc-13c"/>
      </symbol>
      <symbol id="sm-a8a">
         <name>SysCtlIntEnable</name>
         <value>0x24b5</value>
         <object_component_ref idref="oc-13c"/>
      </symbol>
      <symbol id="sm-a8b">
         <name>SysCtlNMIClear</name>
         <value>0x30f3</value>
         <object_component_ref idref="oc-13c"/>
      </symbol>
      <symbol id="sm-a8c">
         <name>SysCtlPeripheralPowerOff</name>
         <value>0x20f1</value>
         <object_component_ref idref="oc-13c"/>
      </symbol>
      <symbol id="sm-a8d">
         <name>SysCtlSleepPowerSet</name>
         <value>0x25bd</value>
         <object_component_ref idref="oc-13c"/>
      </symbol>
      <symbol id="sm-a8e">
         <name>SysCtlDeepSleep</name>
         <value>0x25ed</value>
         <object_component_ref idref="oc-13c"/>
      </symbol>
      <symbol id="sm-a8f">
         <name>SysCtlLDODeepSleepSet</name>
         <value>0x2565</value>
         <object_component_ref idref="oc-13c"/>
      </symbol>
      <symbol id="sm-a90">
         <name>SysCtlPeripheralPowerOn</name>
         <value>0x206d</value>
         <object_component_ref idref="oc-13c"/>
      </symbol>
      <symbol id="sm-a91">
         <name>SysCtlPeripheralDeepSleepDisable</name>
         <value>0x23ef</value>
         <object_component_ref idref="oc-13c"/>
      </symbol>
      <symbol id="sm-a92">
         <name>SysCtlPeripheralSleepDisable</name>
         <value>0x234d</value>
         <object_component_ref idref="oc-13c"/>
      </symbol>
      <symbol id="sm-a93">
         <name>SysCtlVCOGet</name>
         <value>0x3041</value>
         <object_component_ref idref="oc-13c"/>
      </symbol>
      <symbol id="sm-a94">
         <name>SysCtlResetBehaviorSet</name>
         <value>0x2689</value>
         <object_component_ref idref="oc-13c"/>
      </symbol>
      <symbol id="sm-a95">
         <name>SysCtlReset</name>
         <value>0x25dd</value>
         <object_component_ref idref="oc-13c"/>
      </symbol>
      <symbol id="sm-a96">
         <name>SysCtlGPIOAHBDisable</name>
         <value>0x2f91</value>
         <object_component_ref idref="oc-13c"/>
      </symbol>
      <symbol id="sm-a97">
         <name>SysCtlSRAMSizeGet</name>
         <value>0x1eb3</value>
         <object_component_ref idref="oc-13c"/>
      </symbol>
      <symbol id="sm-a98">
         <name>SysCtlClockGet</name>
         <value>0x2be5</value>
         <object_component_ref idref="oc-13c"/>
      </symbol>
      <symbol id="sm-a99">
         <name>SysCtlPeripheralDisable</name>
         <value>0x22ad</value>
         <object_component_ref idref="oc-13c"/>
      </symbol>
      <symbol id="sm-a9a">
         <name>SysCtlPWMClockSet</name>
         <value>0x2e69</value>
         <object_component_ref idref="oc-13c"/>
      </symbol>
      <symbol id="sm-a9b">
         <name>SysCtlUSBPLLEnable</name>
         <value>0x2ffb</value>
         <object_component_ref idref="oc-13c"/>
      </symbol>
      <symbol id="sm-a9c">
         <name>SysCtlPeripheralSleepEnable</name>
         <value>0x22fb</value>
         <object_component_ref idref="oc-13c"/>
      </symbol>
      <symbol id="sm-a9d">
         <name>SysCtlIntUnregister</name>
         <value>0x24a5</value>
         <object_component_ref idref="oc-13c"/>
      </symbol>
      <symbol id="sm-a9e">
         <name>SysCtlUSBPLLDisable</name>
         <value>0x3007</value>
         <object_component_ref idref="oc-13c"/>
      </symbol>
      <symbol id="sm-a9f">
         <name>SysCtlPeripheralReady</name>
         <value>0x1fe5</value>
         <object_component_ref idref="oc-13c"/>
      </symbol>
      <symbol id="sm-aa0">
         <name>SysCtlPIOSCCalibrate</name>
         <value>0x2639</value>
         <object_component_ref idref="oc-13c"/>
      </symbol>
      <symbol id="sm-aa1">
         <name>SysCtlResetCauseClear</name>
         <value>0x2615</value>
         <object_component_ref idref="oc-13c"/>
      </symbol>
      <symbol id="sm-aa2">
         <name>SysCtlLDOSleepGet</name>
         <value>0x255b</value>
         <object_component_ref idref="oc-13c"/>
      </symbol>
      <symbol id="sm-aa3">
         <name>SysCtlClockFreqSet</name>
         <value>0x2705</value>
         <object_component_ref idref="oc-13c"/>
      </symbol>
      <symbol id="sm-aa4">
         <name>SysCtlPeripheralReset</name>
         <value>0x2199</value>
         <object_component_ref idref="oc-13c"/>
      </symbol>
      <symbol id="sm-b6f">
         <name>UARTClockSourceGet</name>
         <value>0x5b61</value>
         <object_component_ref idref="oc-25c"/>
      </symbol>
      <symbol id="sm-b70">
         <name>UARTCharPutNonBlocking</name>
         <value>0x58c9</value>
         <object_component_ref idref="oc-25c"/>
      </symbol>
      <symbol id="sm-b71">
         <name>UARTDMAEnable</name>
         <value>0x5aa1</value>
         <object_component_ref idref="oc-25c"/>
      </symbol>
      <symbol id="sm-b72">
         <name>UARTTxIntModeSet</name>
         <value>0x57b1</value>
         <object_component_ref idref="oc-25c"/>
      </symbol>
      <symbol id="sm-b73">
         <name>UARTFIFODisable</name>
         <value>0x5517</value>
         <object_component_ref idref="oc-25c"/>
      </symbol>
      <symbol id="sm-b74">
         <name>UARTIntUnregister</name>
         <value>0x59c9</value>
         <object_component_ref idref="oc-25c"/>
      </symbol>
      <symbol id="sm-b75">
         <name>UARTRxErrorClear</name>
         <value>0x5b0d</value>
         <object_component_ref idref="oc-25c"/>
      </symbol>
      <symbol id="sm-b76">
         <name>UARTModemControlSet</name>
         <value>0x55ff</value>
         <object_component_ref idref="oc-25c"/>
      </symbol>
      <symbol id="sm-b77">
         <name>UARTFlowControlSet</name>
         <value>0x5749</value>
         <object_component_ref idref="oc-25c"/>
      </symbol>
      <symbol id="sm-b78">
         <name>UARTConfigSetExpClk</name>
         <value>0x532b</value>
         <object_component_ref idref="oc-25c"/>
      </symbol>
      <symbol id="sm-b79">
         <name>UARTSmartCardDisable</name>
         <value>0x55db</value>
         <object_component_ref idref="oc-25c"/>
      </symbol>
      <symbol id="sm-b7a">
         <name>UARTDisable</name>
         <value>0x54bb</value>
         <object_component_ref idref="oc-25c"/>
      </symbol>
      <symbol id="sm-b7b">
         <name>UART9BitDisable</name>
         <value>0x5ba3</value>
         <object_component_ref idref="oc-25c"/>
      </symbol>
      <symbol id="sm-b7c">
         <name>UARTFIFOLevelGet</name>
         <value>0x52ef</value>
         <object_component_ref idref="oc-25c"/>
      </symbol>
      <symbol id="sm-b7d">
         <name>UARTBusy</name>
         <value>0x595f</value>
         <object_component_ref idref="oc-25c"/>
      </symbol>
      <symbol id="sm-b7e">
         <name>UARTDisableSIR</name>
         <value>0x5577</value>
         <object_component_ref idref="oc-25c"/>
      </symbol>
      <symbol id="sm-b7f">
         <name>UARTLoopbackEnable</name>
         <value>0x5c51</value>
         <object_component_ref idref="oc-25c"/>
      </symbol>
      <symbol id="sm-b80">
         <name>UARTIntEnable</name>
         <value>0x5a09</value>
         <object_component_ref idref="oc-25c"/>
      </symbol>
      <symbol id="sm-b81">
         <name>UARTCharsAvail</name>
         <value>0x580f</value>
         <object_component_ref idref="oc-25c"/>
      </symbol>
      <symbol id="sm-b82">
         <name>UARTCharGetNonBlocking</name>
         <value>0x5867</value>
         <object_component_ref idref="oc-25c"/>
      </symbol>
      <symbol id="sm-b83">
         <name>UARTClockSourceSet</name>
         <value>0x5b2b</value>
         <object_component_ref idref="oc-25c"/>
      </symbol>
      <symbol id="sm-b84">
         <name>UARTTxIntModeGet</name>
         <value>0x57ef</value>
         <object_component_ref idref="oc-25c"/>
      </symbol>
      <symbol id="sm-b85">
         <name>UARTModemStatusGet</name>
         <value>0x5707</value>
         <object_component_ref idref="oc-25c"/>
      </symbol>
      <symbol id="sm-b86">
         <name>UARTIntDisable</name>
         <value>0x5a2f</value>
         <object_component_ref idref="oc-25c"/>
      </symbol>
      <symbol id="sm-b87">
         <name>UARTCharPut</name>
         <value>0x58fb</value>
         <object_component_ref idref="oc-25c"/>
      </symbol>
      <symbol id="sm-b88">
         <name>UARTParityModeSet</name>
         <value>0x5213</value>
         <object_component_ref idref="oc-25c"/>
      </symbol>
      <symbol id="sm-b89">
         <name>UARTRxErrorGet</name>
         <value>0x5aed</value>
         <object_component_ref idref="oc-25c"/>
      </symbol>
      <symbol id="sm-b8a">
         <name>UARTConfigGetExpClk</name>
         <value>0x5409</value>
         <object_component_ref idref="oc-25c"/>
      </symbol>
      <symbol id="sm-b8b">
         <name>UARTEnableSIR</name>
         <value>0x553b</value>
         <object_component_ref idref="oc-25c"/>
      </symbol>
      <symbol id="sm-b8c">
         <name>UARTEnable</name>
         <value>0x5469</value>
         <object_component_ref idref="oc-25c"/>
      </symbol>
      <symbol id="sm-b8d">
         <name>UART9BitAddrSend</name>
         <value>0x5bfb</value>
         <object_component_ref idref="oc-25c"/>
      </symbol>
      <symbol id="sm-b8e">
         <name>UARTModemControlGet</name>
         <value>0x56c7</value>
         <object_component_ref idref="oc-25c"/>
      </symbol>
      <symbol id="sm-b8f">
         <name>UARTSmartCardEnable</name>
         <value>0x559b</value>
         <object_component_ref idref="oc-25c"/>
      </symbol>
      <symbol id="sm-b90">
         <name>UARTFlowControlGet</name>
         <value>0x5791</value>
         <object_component_ref idref="oc-25c"/>
      </symbol>
      <symbol id="sm-b91">
         <name>UARTFIFOEnable</name>
         <value>0x54f3</value>
         <object_component_ref idref="oc-25c"/>
      </symbol>
      <symbol id="sm-b92">
         <name>UARTIntClear</name>
         <value>0x5a81</value>
         <object_component_ref idref="oc-25c"/>
      </symbol>
      <symbol id="sm-b93">
         <name>UARTIntStatus</name>
         <value>0x5a55</value>
         <object_component_ref idref="oc-25c"/>
      </symbol>
      <symbol id="sm-b94">
         <name>UARTDMADisable</name>
         <value>0x5ac7</value>
         <object_component_ref idref="oc-25c"/>
      </symbol>
      <symbol id="sm-b95">
         <name>UART9BitEnable</name>
         <value>0x5b7f</value>
         <object_component_ref idref="oc-25c"/>
      </symbol>
      <symbol id="sm-b96">
         <name>UARTSpaceAvail</name>
         <value>0x583b</value>
         <object_component_ref idref="oc-25c"/>
      </symbol>
      <symbol id="sm-b97">
         <name>UARTCharGet</name>
         <value>0x58a5</value>
         <object_component_ref idref="oc-25c"/>
      </symbol>
      <symbol id="sm-b98">
         <name>UARTFIFOLevelSet</name>
         <value>0x527d</value>
         <object_component_ref idref="oc-25c"/>
      </symbol>
      <symbol id="sm-b99">
         <name>UARTModemControlClear</name>
         <value>0x5663</value>
         <object_component_ref idref="oc-25c"/>
      </symbol>
      <symbol id="sm-b9a">
         <name>UARTParityModeGet</name>
         <value>0x525f</value>
         <object_component_ref idref="oc-25c"/>
      </symbol>
      <symbol id="sm-b9b">
         <name>UARTIntRegister</name>
         <value>0x598b</value>
         <object_component_ref idref="oc-25c"/>
      </symbol>
      <symbol id="sm-b9c">
         <name>UARTBreakCtl</name>
         <value>0x5927</value>
         <object_component_ref idref="oc-25c"/>
      </symbol>
      <symbol id="sm-b9d">
         <name>UART9BitAddrSet</name>
         <value>0x5bc7</value>
         <object_component_ref idref="oc-25c"/>
      </symbol>
      <symbol id="sm-be1">
         <name>UartPortInit</name>
         <value>0x7e65</value>
         <object_component_ref idref="oc-256"/>
      </symbol>
      <symbol id="sm-bf8">
         <name>buttonsInit</name>
         <value>0x7bfd</value>
         <object_component_ref idref="oc-9b"/>
      </symbol>
      <symbol id="sm-bf9">
         <name>getButtonStatus</name>
         <value>0x7c6f</value>
         <object_component_ref idref="oc-9b"/>
      </symbol>
      <symbol id="sm-bfa">
         <name>resetButtonInterrupt</name>
         <value>0x7c89</value>
         <object_component_ref idref="oc-9b"/>
      </symbol>
      <symbol id="sm-bfb">
         <name>enableButtonInterrupt</name>
         <value>0x7cad</value>
         <object_component_ref idref="oc-9b"/>
      </symbol>
      <symbol id="sm-bfc">
         <name>disableButtonInterrupt</name>
         <value>0x7ca1</value>
         <object_component_ref idref="oc-9b"/>
      </symbol>
      <symbol id="sm-c38">
         <name>ledsWrite</name>
         <value>0x7799</value>
         <object_component_ref idref="oc-156"/>
      </symbol>
      <symbol id="sm-c39">
         <name>ledsInit</name>
         <value>0x7759</value>
         <object_component_ref idref="oc-156"/>
      </symbol>
      <symbol id="sm-c3a">
         <name>ledSet</name>
         <value>0x77eb</value>
         <object_component_ref idref="oc-156"/>
      </symbol>
      <symbol id="sm-c3b">
         <name>ledsRead</name>
         <value>0x782d</value>
         <object_component_ref idref="oc-156"/>
      </symbol>
      <symbol id="sm-c4b">
         <name>sysinit</name>
         <value>0x7fe1</value>
         <object_component_ref idref="oc-162"/>
      </symbol>
      <symbol id="sm-c68">
         <name>memcpy</name>
         <value>0x7dc7</value>
         <object_component_ref idref="oc-4c"/>
      </symbol>
      <symbol id="sm-c69">
         <name>__aeabi_memcpy</name>
         <value>0x7dc7</value>
         <object_component_ref idref="oc-4c"/>
      </symbol>
      <symbol id="sm-c6a">
         <name>__aeabi_memcpy8</name>
         <value>0x7dc7</value>
         <object_component_ref idref="oc-4c"/>
      </symbol>
      <symbol id="sm-c6b">
         <name>__aeabi_memcpy4</name>
         <value>0x7dc7</value>
         <object_component_ref idref="oc-4c"/>
      </symbol>
      <symbol id="sm-c7a">
         <name>__aeabi_memset</name>
         <value>0x7eff</value>
         <object_component_ref idref="oc-e2"/>
      </symbol>
      <symbol id="sm-c7b">
         <name>memset</name>
         <value>0x7f05</value>
         <object_component_ref idref="oc-e2"/>
      </symbol>
      <symbol id="sm-c7c">
         <name>__aeabi_memset8</name>
         <value>0x7eff</value>
         <object_component_ref idref="oc-e2"/>
      </symbol>
      <symbol id="sm-c7d">
         <name>__aeabi_memset4</name>
         <value>0x7eff</value>
         <object_component_ref idref="oc-e2"/>
      </symbol>
      <symbol id="sm-c7e">
         <name>__aeabi_memclr8</name>
         <value>0x7efd</value>
         <object_component_ref idref="oc-e2"/>
      </symbol>
      <symbol id="sm-c7f">
         <name>__aeabi_memclr4</name>
         <value>0x7efd</value>
         <object_component_ref idref="oc-e2"/>
      </symbol>
      <symbol id="sm-c80">
         <name>__aeabi_memclr</name>
         <value>0x7efd</value>
         <object_component_ref idref="oc-e2"/>
      </symbol>
      <symbol id="sm-c8f">
         <name>__aeabi_uidivmod</name>
         <value>0x806d</value>
         <object_component_ref idref="oc-26b"/>
      </symbol>
      <symbol id="sm-c90">
         <name>__aeabi_uidiv</name>
         <value>0x806d</value>
         <object_component_ref idref="oc-26b"/>
      </symbol>
      <symbol id="sm-ca2">
         <name>__TI_zero_init</name>
         <value>0x812f</value>
         <object_component_ref idref="oc-5e"/>
      </symbol>
      <symbol id="sm-cb9">
         <name>__TI_decompress_none</name>
         <value>0x8121</value>
         <object_component_ref idref="oc-1b"/>
      </symbol>
      <symbol id="sm-cdc">
         <name>__TI_decompress_lzss</name>
         <value>0x7f77</value>
         <object_component_ref idref="oc-15"/>
      </symbol>
      <symbol id="sm-cef">
         <name>__stack</name>
         <value>0x2000c730</value>
         <object_component_ref idref="oc-24"/>
      </symbol>
      <symbol id="sm-cf0">
         <name>_c_int00_noargs</name>
         <value>0x80ed</value>
         <object_component_ref idref="oc-6a"/>
      </symbol>
      <symbol id="sm-cfa">
         <name>__aeabi_idiv0</name>
         <value>0x7afb</value>
         <object_component_ref idref="oc-32b"/>
      </symbol>
      <symbol id="sm-cfb">
         <name>__aeabi_ldiv0</name>
         <value>0x7afb</value>
         <object_component_ref idref="oc-32b"/>
      </symbol>
      <symbol id="sm-d23">
         <name>__TI_auto_init_nobinit_nopinit</name>
         <value>0x8029</value>
         <object_component_ref idref="oc-197"/>
      </symbol>
      <symbol id="sm-d2d">
         <name>_system_pre_init</name>
         <value>0x814d</value>
         <object_component_ref idref="oc-e8"/>
      </symbol>
      <symbol id="sm-d39">
         <name>C$$EXIT</name>
         <value>0x8151</value>
         <object_component_ref idref="oc-18b"/>
      </symbol>
      <symbol id="sm-d3a">
         <name>abort</name>
         <value>0x8151</value>
         <object_component_ref idref="oc-18b"/>
      </symbol>
      <symbol id="sm-d3d">
         <name>__TI_static_base__</name>
         <value>0x0</value>
      </symbol>
      <symbol id="sm-d40">
         <name>__mpu_init</name>
         <value>0x0</value>
      </symbol>
      <symbol id="sm-d41">
         <name>_system_post_cinit</name>
         <value>0x0</value>
      </symbol>
   </symbol_table>
   <title>Link successful</title>
</link_info>
